Copyright 1986-2018 Xilinx, Inc. All Rights Reserved.
-------------------------------------------------------------------------------------------
| Tool Version : Vivado v.2018.3 (win64) Build 2405991 Thu Dec  6 23:38:27 MST 2018
| Date         : Mon Jan 31 22:50:37 2022
| Host         : LAPTOP-M107SEOD running 64-bit major release  (build 9200)
| Command      : report_control_sets -verbose -file hdmi_trans_top_control_sets_placed.rpt
| Design       : hdmi_trans_top
| Device       : xc7z020
-------------------------------------------------------------------------------------------

Control Set Information

Table of Contents
-----------------
1. Summary
2. Histogram
3. Flip-Flop Distribution
4. Detailed Control Set Information

1. Summary
----------

+----------------------------------------------------------+-------+
|                          Status                          | Count |
+----------------------------------------------------------+-------+
| Number of unique control sets                            |     7 |
| Unused register locations in slices containing registers |    28 |
+----------------------------------------------------------+-------+


2. Histogram
------------

+--------+--------------+
| Fanout | Control Sets |
+--------+--------------+
|      1 |            1 |
|     10 |            1 |
|     13 |            1 |
|    16+ |            4 |
+--------+--------------+


3. Flip-Flop Distribution
-------------------------

+--------------+-----------------------+------------------------+-----------------+--------------+
| Clock Enable | Synchronous Set/Reset | Asynchronous Set/Reset | Total Registers | Total Slices |
+--------------+-----------------------+------------------------+-----------------+--------------+
| No           | No                    | No                     |              97 |           44 |
| No           | No                    | Yes                    |              42 |           20 |
| No           | Yes                   | No                     |              41 |           17 |
| Yes          | No                    | No                     |               0 |            0 |
| Yes          | No                    | Yes                    |               0 |            0 |
| Yes          | Yes                   | No                     |              64 |           17 |
+--------------+-----------------------+------------------------+-----------------+--------------+


4. Detailed Control Set Information
-----------------------------------

+---------------------------+-----------------------------+---------------------------------+------------------+----------------+
|        Clock Signal       |        Enable Signal        |         Set/Reset Signal        | Slice Load Count | Bel Load Count |
+---------------------------+-----------------------------+---------------------------------+------------------+----------------+
|  inst_clock/inst/clk_out1 | hdmi_oen_r                  | inst_vga_shift/SR[0]            |                1 |              1 |
|  inst_clock/inst/clk_out1 | sel                         | inst_vga_shift/SR[0]            |                2 |             10 |
|  inst_clock/inst/clk_out1 | inst_vga_shift/cnt_v        | inst_vga_shift/cnt_v[0]_i_1_n_0 |                4 |             13 |
|  inst_clock/inst/clk_out1 | inst_vga_shift/E[0]         | inst_vga_shift/SR[0]            |                4 |             16 |
|  inst_clock/inst/clk_out1 | inst_vga_shift/x[0]_i_1_n_0 | inst_vga_shift/SR[0]            |                6 |             24 |
|  inst_clock/inst/clk_out1 |                             | inst_vga_shift/SR[0]            |               37 |             83 |
|  inst_clock/inst/clk_out1 |                             |                                 |               44 |             97 |
+---------------------------+-----------------------------+---------------------------------+------------------+----------------+


